Before:  0    This process, however, afforded me no means of...
1    It never once occurred to me that the fumbling...
2    In his left hand was a gold snuff box, from wh...
3    How lovely is spring As we looked from Windsor...
4    Finding nothing else, not even gold, the Super...
Name: text, dtype: object
After:  0    process however afforded means ascertaining di...
1           never occurred fumbling might mere mistake
2    left hand gold snuff box capered hill cutting ...
3    lovely spring looked Windsor Terrace sixteen f...
4    Finding nothing else even gold Superintendent ...
Name: text, dtype: object
Number of word vectors: 400000
Word: 'the'
Vector representation:
[-0.038194, -0.24487, 0.72812, -0.39961, 0.083172, 0.043953, -0.39141, 0.3344, -0.57545, 0.087459, 0.28787, -0.06731, 0.30906, -0.26384, -0.13231, -0.20757, 0.33395, -0.33848, -0.31743, -0.48336, 0.1464, -0.37304, 0.34577, 0.052041, 0.44946, -0.46971, 0.02628, -0.54155, -0.15518, -0.14107, -0.039722, 0.28277, 0.14393, 0.23464, -0.31021, 0.086173, 0.20397, 0.52624, 0.17164, -0.082378, -0.71787, -0.41531, 0.20335, -0.12763, 0.41367, 0.55187, 0.57908, -0.33477, -0.36559, -0.54857, -0.062892, 0.26584, 0.30205, 0.99775, -0.80481, -3.0243, 0.01254, -0.36942, 2.2167, 0.72201, -0.24978, 0.92136, 0.034514, 0.46745, 1.1079, -0.19358, -0.074575, 0.23353, -0.052062, -0.22044, 0.057162, -0.15806, -0.30798, -0.41625, 0.37972, 0.15006, -0.53212, -0.2055, -1.2526, 0.071624, 0.70565, 0.49744, -0.42063, 0.26148, -1.538, -0.30223, -0.073438, -0.28312, 0.37104, -0.25217, 0.016215, -0.017099, -0.38984, 0.87424, -0.72569, -0.51058, -0.52028, -0.1459, 0.8278, 0.27062]
Text: archaic lanes houses unexpected bits square court indeed delighted found poets artists loud voiced pretenders whose quaintness tinsel whose lives denial pure beauty poetry art stayed love venerable things
Converted to sequence:
[3570, 4110, 385, 2425, 6434, 1322, 1821, 65, 2558, 20, 2986, 5251, 1155, 9889, 15660, 41, 15661, 11992, 41, 1183, 5779, 1035, 210, 5252, 541, 3813, 61, 2820, 47]
Shape of the matrix of word vectors: (24944, 100)
Model: "sequential"
_________________________________________________________________
 Layer (type)                Output Shape              Param #   
=================================================================
 embedding (Embedding)       (None, 33, 100)           2494400   
                                                                 
 spatial_dropout1d (SpatialD  (None, 33, 100)          0         
 ropout1D)                                                       
                                                                 
 lstm (LSTM)                 (None, 100)               80400     
                                                                 
 dense (Dense)               (None, 512)               51712     
                                                                 
 dropout (Dropout)           (None, 512)               0         
                                                                 
 dense_1 (Dense)             (None, 256)               131328    
                                                                 
 dropout_1 (Dropout)         (None, 256)               0         
                                                                 
 dense_2 (Dense)             (None, 3)                 771       
                                                                 
=================================================================
Total params: 2,758,611
Trainable params: 264,211
Non-trainable params: 2,494,400
_________________________________________________________________
Epoch 85: early stopping
490/490 [==============================] - 5s 9ms/step
123/123 [==============================] - 1s 9ms/step
Training logloss  : 0.382
Validation logloss: 0.616
Training accuracy  : 0.854
Validation accuracy: 0.746

_________________________________________________________________
 Layer (type)                Output Shape              Param #
=================================================================
 embedding_1 (Embedding)     (None, 33, 100)           2494400

 spatial_dropout1d_1 (Spatia  (None, 33, 100)          0
 lDropout1D)

 bidirectional (Bidirectiona  (None, 200)              160800
 l)

 dense_3 (Dense)             (None, 512)               102912

 dropout_2 (Dropout)         (None, 512)               0

 dense_4 (Dense)             (None, 256)               131328

 dropout_3 (Dropout)         (None, 256)               0

 dense_5 (Dense)             (None, 3)                 771

=================================================================
Total params: 2,890,211
Trainable params: 395,811
Non-trainable params: 2,494,400
_________________________________________________________________
None
Epoch 80: early stopping
490/490 [==============================] - 4s 9ms/step
123/123 [==============================] - 2s 14ms/step
Training logloss  : 0.382
Validation logloss: 0.613
Training Accuracy: 0.8513
Validation Accuracy: 0.7441
Training Precision: 0.8518
Validation Precision: 0.7446
Training Recall: 0.8513
Validation Recall: 0.7441
Training F1 Score: 0.8514
Validation F1 Score: 0.7438
Model: "sequential_1"
_________________________________________________________________
 Layer (type)                Output Shape              Param #
=================================================================
 embedding_1 (Embedding)     (None, 33, 100)           2494400

 spatial_dropout1d_1 (Spatia  (None, 33, 100)          0
 lDropout1D)

 bidirectional (Bidirectiona  (None, 200)              160800
 l)

 dense_3 (Dense)             (None, 512)               102912

 dropout_2 (Dropout)         (None, 512)               0

 dense_4 (Dense)             (None, 256)               131328

 dropout_3 (Dropout)         (None, 256)               0

 dense_5 (Dense)             (None, 3)                 771

=================================================================
Total params: 2,890,211
Trainable params: 395,811
Non-trainable params: 2,494,400
_________________________________________________________________
None
Epoch 66: early stopping
490/490 [==============================] - 10s 19ms/step
123/123 [==============================] - 2s 18ms/step
Training logloss  : 0.311
Validation logloss: 0.63
Training Accuracy: 0.8845
Validation Accuracy: 0.7495
Training Precision: 0.8846
Validation Precision: 0.7495
Training Recall: 0.8845
Validation Recall: 0.7495
Training F1 Score: 0.8845
Validation F1 Score: 0.7494
Model: "sequential_2"
_________________________________________________________________
 Layer (type)                Output Shape              Param #
=================================================================
 embedding_2 (Embedding)     (None, 33, 100)           2494400

 spatial_dropout1d_2 (Spatia  (None, 33, 100)          0
 lDropout1D)

 conv1d (Conv1D)             (None, 31, 64)            19264

 max_pooling1d (MaxPooling1D  (None, 15, 64)           0
 )

 lstm_2 (LSTM)               (None, 100)               66000

 dense_6 (Dense)             (None, 512)               51712

 dropout_4 (Dropout)         (None, 512)               0

 dense_7 (Dense)             (None, 256)               131328

 dropout_5 (Dropout)         (None, 256)               0

 dense_8 (Dense)             (None, 3)                 771

=================================================================
Total params: 2,763,475
Trainable params: 269,075
Non-trainable params: 2,494,400
_________________________________________________________________
None
Epoch 55: early stopping
490/490 [==============================] - 3s 5ms/step
123/123 [==============================] - 1s 5ms/step
Training logloss  : 0.391
Validation logloss: 0.714
Training Accuracy: 0.8585
Validation Accuracy: 0.6987
Training Precision: 0.8610
Validation Precision: 0.7011
Training Recall: 0.8585
Validation Recall: 0.6987
Training F1 Score: 0.8586
Validation F1 Score: 0.6976

Process finished with exit code 0


